app=app-proxy-operator env=prod enterprise=prod ns=prod controller="app-proxy-operator" original_user_agent="Mozilla/5.0 (Macintosh; Intel Mac OS X 10_15_7) AppleWebKit/537.36 (KHTML, like Gecko) Chrome/120.0.0.0 Safari/537.36" catalog_service=app-proxy-operator path=/api/v1/namespaces/prod/pods repo=prod proto=https full_member="CN=test,OU=Org,O=Org,L=City,ST=State,C=US" credential=prod action=GET hostname=10.42.0.40 member=prod remote_address=10.42.0.40 request_method=GET status=200 url="https://10.42.0.40:443/api/v1/namespaces/prod/pods" now="2024-01-15T10:30:45Z" request_id=req-123 auth_status=ok datacenter=us-east request_host=10.42.0.40 path_info="/api/v1/namespaces/prod/pods" content_length=1024 content_type=application/json user_agent="Mozilla/5.0 (Macintosh; Intel Mac OS X 10_15_7) AppleWebKit/537.36 (KHTML, like Gecko) Chrome/120.0.0.0 Safari/537.36" elapsed=0.123 worker_request_count=5 request_category=api accept=application/json referer=https://example.com


